Change Component Designator: OldDesignator=C? NewDesignator=C1
Change Component Designator: OldDesignator=C? NewDesignator=C2
Change Component Designator: OldDesignator=C? NewDesignator=C3
Change Component Designator: OldDesignator=C? NewDesignator=C4
Change Component Designator: OldDesignator=C? NewDesignator=C5
Change Component Designator: OldDesignator=C? NewDesignator=C6
Change Component Designator: OldDesignator=C? NewDesignator=C7
Change Component Designator: OldDesignator=C? NewDesignator=C8
Change Component Designator: OldDesignator=C? NewDesignator=C9
Change Component Designator: OldDesignator=C? NewDesignator=C10
Change Component Designator: OldDesignator=C? NewDesignator=C11
Change Component Designator: OldDesignator=C? NewDesignator=C12
Change Component Designator: OldDesignator=C? NewDesignator=C13
Change Component Designator: OldDesignator=C? NewDesignator=C14
Change Component Designator: OldDesignator=C? NewDesignator=C15
Change Component Designator: OldDesignator=C? NewDesignator=C16
Change Component Designator: OldDesignator=C? NewDesignator=C17
Change Component Designator: OldDesignator=C? NewDesignator=C18
Change Component Designator: OldDesignator=D? NewDesignator=D1
Change Component Designator: OldDesignator=D? NewDesignator=D2
Change Component Designator: OldDesignator=FB? NewDesignator=FB1
Change Component Designator: OldDesignator=J NewDesignator=J2
Change Component Designator: OldDesignator=J? NewDesignator=J1
Change Component Designator: OldDesignator=J? NewDesignator=J3
Change Component Designator: OldDesignator=R? NewDesignator=R1
Change Component Designator: OldDesignator=R? NewDesignator=R2
Change Component Designator: OldDesignator=R? NewDesignator=R3
Change Component Designator: OldDesignator=R? NewDesignator=R4
Change Component Designator: OldDesignator=R? NewDesignator=R5
Change Component Designator: OldDesignator=R? NewDesignator=R6
Change Component Designator: OldDesignator=U? NewDesignator=U1
Change Component Designator: OldDesignator=U? NewDesignator=U2
Change Component Designator: OldDesignator=U? NewDesignator=U3
Change Component Designator: OldDesignator=Y? NewDesignator=Y1
Change Component Description : Designator=R1 Old Description=Reducer,NEMA 1,4 X 2 1/2 New Description=Reducer,NEMA 1,4 X 2 1/2 | Wiegmann R0402
Change Component Description : Designator=R2 Old Description=Reducer,NEMA 1,4 X 2 1/2 New Description=Reducer,NEMA 1,4 X 2 1/2 | Wiegmann R0402
Change Component Description : Designator=R3 Old Description=Reducer,NEMA 1,4 X 2 1/2 New Description=Reducer,NEMA 1,4 X 2 1/2 | Wiegmann R0402
Change Component Description : Designator=R4 Old Description=Reducer,NEMA 1,4 X 2 1/2 New Description=Reducer,NEMA 1,4 X 2 1/2 | Wiegmann R0402
Change Component Description : Designator=R5 Old Description=Reducer,NEMA 1,4 X 2 1/2 New Description=Reducer,NEMA 1,4 X 2 1/2 | Wiegmann R0402
Change Component Description : Designator=R6 Old Description=Reducer,NEMA 1,4 X 2 1/2 New Description=Reducer,NEMA 1,4 X 2 1/2 | Wiegmann R0402
Change Net Name : Old Net Name=MCU OSC IN New Net Name= MCU OSC IN
Change Net Name : Old Net Name=NetC?_2 New Net Name=NetC14_2
Change Net Name : Old Net Name=NetD?_1 New Net Name=NetD2_1
Change Net Name : Old Net Name=NetD?_2 New Net Name=NetD1_2
Change Net Name : Old Net Name=NetR?_2 New Net Name=NetR1_2
Add Differential Pair: Number of nets in differential pair USB D N is 1 instead of 2
Add Differential Pair: Number of nets in differential pair USB D P is 1 instead of 2
